error: test failed, to rerun pass `--test streaming_verification`
